// Jest Snapshot v1, https://goo.gl/fbAQLP

exports[`Testing the App <App /> Verify appointments in the DOM 1`] = `
Array [
  <div
    class="appointment"
    data-testid="appointment"
  >
    <p>
      Pet: 
      <span>
        Flash
      </span>
       
    </p>
    <p>
      Owner: 
      <span>
        Edgar
      </span>
       
    </p>
    <p>
      Date: 
      <span>
        2021-12-10
      </span>
       
    </p>
    <p>
      Time: 
      <span>
        10:30
      </span>
       
    </p>
    <p>
      Symptom: 
      <span>
        Barks but is a cat.
      </span>
       
    </p>
    <button
      class="button delete u-full-width"
      data-testid="btn-delete"
    >
      Delete Ã—
    </button>
  </div>,
]
`;
